-----------------0 install config---------------
$ git config --global user.name "Your Name"
$ git config --global user.email "email@example.com"
---------------------------1---------------------------
$ git init

首先这里再明确一下，所有的版本控制系统，其实只能跟踪文本文件的改动，比如TXT文件，网页，所有的程序代码等等，Git也不例外。

千万不要使用Windows自带的记事本编辑任何文本文件。原因是Microsoft开发记事本的团队使用了一个非常弱智的行为来保存UTF-8编码的文件，他们自作聪明地在每个文件开头添加了0xefbbbf（十六进制）的字符，你会遇到很多不可思议的问题，比如，网页第一行可能会显示一个“?”，明明正确的程序一编译就报语法错误，等等，都是由记事本的弱智行为带来的。建议你下载Notepad++代替记事本，不但功能强大，而且免费！记得把Notepad++的默认编码设置为UTF-8 without BOM即可

$ git add readme.txt

$ git commit -m "wrote a readme file"

现在总结一下今天学的两点内容：

初始化一个Git仓库，使用git init命令。

添加文件到Git仓库，分两步：

    第一步，使用命令git add <file>，注意，可反复多次使用，添加多个文件；

    第二步，使用命令git commit，完成。
------------------------------2-----------------------------
$ git status

$ git diff readme.txt 

$ git add readme.txt

$ git status

$ git commit -m "add distributed"

小结

    要随时掌握工作区的状态，使用git status命令。

    如果git status告诉你有文件被修改过，用git diff可以查看修改内容。
------------------------3 版本回退----------------------------
$ git log

$ git log --pretty=oneline

在Git中，用HEAD表示当前版本，也就是最新的提交3628164...882e1e0（注意我的提交ID和你的肯定不一样），上一个版本就是HEAD^，上上一个版本就是HEAD^^，当然往上100个版本写100个^比较容易数不过来，所以写成HEAD~100。

现在，我们要把当前版本“append GPL”回退到上一个版本“add distributed”，就可以使用git reset命令：
$ git reset --hard HEAD^

$ cat readme.txt

$ git log

最新的那个版本append GPL已经看不到了！好比你从21世纪坐时光穿梭机来到了19世纪，想再回去已经回不去了，肿么办？

办法其实还是有的，只要上面的命令行窗口还没有被关掉，你就可以顺着往上找啊找啊，找到那个append GPL的commit id是3628164...，于是就可以指定回到未来的某个版本：
$ git reset --hard 3628164
HEAD is now at 3628164 append GPL
版本号没必要写全，前几位就可以了，Git会自动去找。当然也不能只写前一两位，因为Git可能会找到多个版本号，就无法确定是哪一个了。

Git的版本回退速度非常快，因为Git在内部有个指向当前版本的HEAD指针，当你回退版本的时候，Git仅仅是把HEAD从指向append GPL.

现在，你回退到了某个版本，关掉了电脑，第二天早上就后悔了，想恢复到新版本怎么办？找不到新版本的commit id怎么办？

在Git中，总是有后悔药可以吃的。当你用$ git reset --hard HEAD^回退到add distributed版本时，再想恢复到append GPL，就必须找到append GPL的commit id。Git提供了一个命令git reflog用来记录你的每一次命令：

$ git reflog
ea34578 HEAD@{0}: reset: moving to HEAD^
3628164 HEAD@{1}: commit: append GPL
ea34578 HEAD@{2}: commit: add distributed
cb926e7 HEAD@{3}: commit (initial): wrote a readme file
终于舒了口气，第二行显示append GPL的commit id是3628164，现在，你又可以乘坐时光机回到未来了。

小结

现在总结一下：

    HEAD指向的版本就是当前版本，因此，Git允许我们在版本的历史之间穿梭，使用命令git reset --hard commit_id。

    穿梭前，用git log可以查看提交历史，以便确定要回退到哪个版本。

    要重返未来，用git reflog查看命令历史，以便确定要回到未来的哪个版本。
-----------------------4 工作区和暂存区--------------------
Git和其他版本控制系统如SVN的一个不同之处就是有暂存区的概念。

工作区（Working Directory）:
就是你在电脑里能看到的目录，比如我的learngit文件夹就是一个工作区。

版本库（Repository）：
工作区有一个隐藏目录.git，这个不算工作区，而是Git的版本库。
Git的版本库里存了很多东西，其中最重要的就是称为stage（或者叫index）的暂存区，还有Git为我们自动创建的第一个分支master，以及指向master的一个指针叫HEAD。

前面讲了我们把文件往Git版本库里添加的时候，是分两步执行的：
第一步是用git add把文件添加进去，实际上就是把文件修改添加到暂存区；
第二步是用git commit提交更改，实际上就是把暂存区的所有内容提交到当前分支。
因为我们创建Git版本库时，Git自动为我们创建了唯一一个master分支，所以，现在，git commit就是往master分支上提交更改。
你可以简单理解为，需要提交的文件修改通通放到暂存区，然后，一次性提交暂存区的所有修改。
俗话说，实践出真知。现在，我们再练习一遍，先对readme.txt做个修改，比如加上一行内容：
Git is a distributed version control system.
Git is free software distributed under the GPL.
Git has a mutable index called stage.
然后，在工作区新增一个LICENSE文本文件（内容随便写）。
先用git status查看一下状态：
Git非常清楚地告诉我们，readme.txt被修改了，而LICENSE还从来没有被添加过，所以它的状态是Untracked。
现在，使用两次命令git add，把readme.txt和LICENSE都添加后，用git status再查看一下。
所以，git add命令实际上就是把要提交的所有修改放到暂存区（Stage），然后，执行git commit就可以一次性把暂存区的所有修改提交到分支。
一旦提交后，如果你又没有对工作区做任何修改，那么工作区就是“干净”的。

小结

暂存区是Git非常重要的概念，弄明白了暂存区，就弄明白了Git的很多操作到底干了什么。
------------------5 管理修改----------------
为什么Git比其他版本控制系统设计得优秀，因为Git跟踪并管理的是修改，而非文件。

你会问，什么是修改？比如你新增了一行，这就是一个修改，删除了一行，也是一个修改，更改了某些字符，也是一个修改，删了一些又加了一些，也是一个修改，甚至创建一个新文件，也算一个修改。


小结
现在，你又理解了Git是如何跟踪修改的，每次修改，如果不add到暂存区，那就不会加入到commit中。
--------------------------6 撤销修改------------------
你可以发现，Git会告诉你，git checkout -- file可以丢弃工作区的修改：

命令git checkout -- readme.txt意思就是，把readme.txt文件在工作区的修改全部撤销，这里有两种情况：
一种是readme.txt自修改后还没有被放到暂存区，现在，撤销修改就回到和版本库一模一样的状态；
一种是readme.txt已经添加到暂存区后，又作了修改，现在，撤销修改就回到添加到暂存区后的状态。

git checkout -- file命令中的--很重要，没有--，就变成了“切换到另一个分支”的命令，我们在后面的分支管理中会再次遇到git checkout命令。

现在假定是凌晨3点，你不但写了一些胡话，还git add到暂存区了：
庆幸的是，在commit之前，你发现了这个问题。用git status查看一下，修改只是添加到了暂存区，还没有提交：
Git同样告诉我们，用命令git reset HEAD file可以把暂存区的修改撤销掉（unstage），重新放回工作区： 
git reset命令既可以回退版本，也可以把暂存区的修改回退到工作区。当我们用HEAD时，表示最新的版本。
再用git status查看一下，现在暂存区是干净的，工作区有修改：
还记得如何丢弃工作区的修改吗？
$ git checkout -- readme.txt
整个世界终于清静了！

小结
场景1：当你改乱了工作区某个文件的内容，想直接丢弃工作区的修改时，用命令git checkout -- file。
场景2：当你不但改乱了工作区某个文件的内容，还添加到了暂存区时，想丢弃修改，分两步，第一步用命令git reset HEAD file，就回到了场景1，第二步按场景1操作。
场景3：已经提交了不合适的修改到版本库时，想要撤销本次提交，参考版本回退一节，不过前提是没有推送到远程库。
-----------------------------7 删除文件---------------------
一般情况下，你通常直接在文件管理器中把没用的文件删了，或者用rm命令删了：

$ rm test.txt

这个时候，Git知道你删除了文件，因此，工作区和版本库就不一致了，git status命令会立刻告诉你哪些文件被删除了：

现在你有两个选择，一是确实要从版本库中删除该文件，那就用命令git rm删掉，并且git commit：

$ git rm test.txt
rm 'test.txt'
$ git commit -m "remove test.txt"

现在，文件就从版本库中被删除了。

另一种情况是删错了，因为版本库里还有呢，所以可以很轻松地把误删的文件恢复到最新版本：

$ git checkout -- test.txt

git checkout其实是用版本库里的版本替换工作区的版本，无论工作区是修改还是删除，都可以“一键还原”。
小结

命令git rm用于删除一个文件。如果一个文件已经被提交到版本库，那么你永远不用担心误删，但是要小心，你只能恢复文件到最新版本，你会丢失最近一次提交后你修改的内容。
-------------------------------8 远程仓库---------------
第1步：创建SSH Key。在用户主目录下，看看有没有.ssh目录，如果有，再看看这个目录下有没有id_rsa和id_rsa.pub这两个文件，如果已经有了，可直接跳到下一步。如果没有，打开Shell（Windows下打开Git Bash），创建SSH Key：

$ ssh-keygen -t rsa -C "youremail@example.com"

你需要把邮件地址换成你自己的邮件地址，然后一路回车，使用默认值即可，由于这个Key也不是用于军事目的，所以也无需设置密码。

如果一切顺利的话，可以在用户主目录里找到.ssh目录，里面有id_rsa和id_rsa.pub两个文件，这两个就是SSH Key的秘钥对，id_rsa是私钥，不能泄露出去，id_rsa.pub是公钥，可以放心地告诉任何人。

第2步：登陆GitHub，打开“Account settings”，“SSH Keys”页面：

然后，点“Add SSH Key”，填上任意Title，在Key文本框里粘贴id_rsa.pub文件的内容：

点“Add Key”，你就应该看到已经添加的Key：
为什么GitHub需要SSH Key呢？因为GitHub需要识别出你推送的提交确实是你推送的，而不是别人冒充的，而Git支持SSH协议，所以，GitHub只要知道了你的公钥，就可以确认只有你自己才能推送。

当然，GitHub允许你添加多个Key。假定你有若干电脑，你一会儿在公司提交，一会儿在家里提交，只要把每台电脑的Key都添加到GitHub，就可以在每台电脑上往GitHub推送了。

最后友情提示，在GitHub上免费托管的Git仓库，任何人都可以看到喔（但只有你自己才能改）。所以，不要把敏感信息放进去。
------------------------9 添加远程库--------------
首先，登陆GitHub，然后，在右上角找到“Create a new repo”按钮，创建一个新的仓库：
在Repository name填入learngit，其他保持默认设置，点击“Create repository”按钮，就成功地创建了一个新的Git仓库：
目前，在GitHub上的这个learngit仓库还是空的，GitHub告诉我们，可以从这个仓库克隆出新的仓库，也可以把一个已有的本地仓库与之关联，然后，把本地仓库的内容推送到GitHub仓库。

现在，我们根据GitHub的提示，在本地的learngit仓库下运行命令：

$ git remote add origin git@github.com:michaelliao/learngit.git
添加后，远程库的名字就是origin，这是Git默认的叫法，也可以改成别的，但是origin这个名字一看就知道是远程库。

下一步，就可以把本地库的所有内容推送到远程库上：

$ git push -u origin master

把本地库的内容推送到远程，用git push命令，实际上是把当前分支master推送到远程。

由于远程库是空的，我们第一次推送master分支时，加上了-u参数，Git不但会把本地的master分支内容推送的远程新的master分支，还会把本地的master分支和远程的master分支关联起来，在以后的推送或者拉取时就可以简化命令。

从现在起，只要本地作了提交，就可以通过命令：

$ git push origin master

把本地master分支的最新修改推送至GitHub，现在，你就拥有了真正的分布式版本库！

当你第一次使用Git的clone或者push命令连接GitHub时，会得到一个警告：
这是因为Git使用SSH连接，而SSH连接在第一次验证GitHub服务器的Key时，需要你确认GitHub的Key的指纹信息是否真的来自GitHub的服务器，输入yes回车即可。

Git会输出一个警告，告诉你已经把GitHub的Key添加到本机的一个信任列表里了：

Warning: Permanently added 'github.com' (RSA) to the list of known hosts.

这个警告只会出现一次，后面的操作就不会有任何警告了。

如果你实在担心有人冒充GitHub服务器，输入yes前可以对照GitHub的RSA Key的指纹信息是否与SSH连接给出的一致。
小结

要关联一个远程库，使用命令git remote add origin git@server-name:path/repo-name.git；

关联后，使用命令git push -u origin master第一次推送master分支的所有内容；

此后，每次本地提交后，只要有必要，就可以使用命令git push origin master推送最新修改；

分布式版本系统的最大好处之一是在本地工作完全不需要考虑远程库的存在，也就是有没有联网都可以正常工作，而SVN在没有联网的时候是拒绝干活的！当有网络的时候，再把本地提交推送一下就完成了同步，真是太方便了！
-------------------------10 从远程库克隆--------------

现在，假设我们从零开发，那么最好的方式是先创建远程库，然后，从远程库克隆。

首先，登陆GitHub，创建一个新的仓库，名字叫gitskills：

$ git clone git@github.com:michaelliao/gitskills.git
注意把Git库的地址换成你自己的，然后进入gitskills目录看看，已经有README.md文件了。
如果有多个人协作开发，那么每个人各自从远程克隆一份就可以了。

你也许还注意到，GitHub给出的地址不止一个，还可以用https://github.com/michaelliao/gitskills.git这样的地址。实际上，Git支持多种协议，默认的git://使用ssh，但也可以使用https等其他协议。

使用https除了速度慢以外，还有个最大的麻烦是每次推送都必须输入口令，但是在某些只开放http端口的公司内部就无法使用ssh协议而只能用https。
小结

要克隆一个仓库，首先必须知道仓库的地址，然后使用git clone命令克隆。

Git支持多种协议，包括https，但通过ssh支持的原生git协议速度最快。
------------------11 创建与合并分支-----------------
每次提交，Git都把它们串成一条时间线，这条时间线就是一个分支。截止到目前，只有一条时间线，在Git里，这个分支叫主分支，即master分支。HEAD严格来说不是指向提交，而是指向master，master才是指向提交的，所以，HEAD指向的就是当前分支。

一开始的时候，master分支是一条线，Git用master指向最新的提交，再用HEAD指向master，就能确定当前分支，以及当前分支的提交点：

每次提交，master分支都会向前移动一步，这样，随着你不断提交，master分支的线也越来越长：

当我们创建新的分支，例如dev时，Git新建了一个指针叫dev，指向master相同的提交，再把HEAD指向dev，就表示当前分支在dev上：

你看，Git创建一个分支很快，因为除了增加一个dev指针，改改HEAD的指向，工作区的文件都没有任何变化！

不过，从现在开始，对工作区的修改和提交就是针对dev分支了，比如新提交一次后，dev指针往前移动一步，而master指针不变：

假如我们在dev上的工作完成了，就可以把dev合并到master上。Git怎么合并呢？最简单的方法，就是直接把master指向dev的当前提交，就完成了合并：

所以Git合并分支也很快！就改改指针，工作区内容也不变！

合并完分支后，甚至可以删除dev分支。删除dev分支就是把dev指针给删掉，删掉后，我们就剩下了一条master分支：

下面开始实战。

首先，我们创建dev分支，然后切换到dev分支：

$ git checkout -b dev
Switched to a new branch 'dev'

git checkout命令加上-b参数表示创建并切换，相当于以下两条命令：

$ git branch dev
$ git checkout dev
Switched to branch 'dev'

然后，用git branch命令查看当前分支：

$ git branch
* dev
  master

然后，我们就可以在dev分支上正常提交，比如对readme.txt做个修改，加上一行：

Creating a new branch is quick.

然后提交：

$ git add readme.txt 
$ git commit -m "branch test"
[dev fec145a] branch test
 1 file changed, 1 insertion(+)

现在，dev分支的工作完成，我们就可以切换回master分支：

$ git checkout master
Switched to branch 'master'

切换回master分支后，再查看一个readme.txt文件，刚才添加的内容不见了！因为那个提交是在dev分支上，而master分支此刻的提交点并没有变：

现在，我们把dev分支的工作成果合并到master分支上：
$ git merge dev

git merge命令用于合并指定分支到当前分支。合并后，再查看readme.txt的内容，就可以看到，和dev分支的最新提交是完全一样的。

注意到上面的Fast-forward信息，Git告诉我们，这次合并是“快进模式”，也就是直接把master指向dev的当前提交，所以合并速度非常快。

当然，也不是每次合并都能Fast-forward，我们后面会将其他方式的合并。

合并完成后，就可以放心地删除dev分支了：

$ git branch -d dev

删除后，查看branch，就只剩下master分支了：

$ git branch

因为创建、合并和删除分支非常快，所以Git鼓励你使用分支完成某个任务，合并后再删掉分支，这和直接在master分支上工作效果是一样的，但过程更安全。

小结

Git鼓励大量使用分支：

查看分支：git branch

创建分支：git branch <name>

切换分支：git checkout <name>

创建+切换分支：git checkout -b <name>

合并某分支到当前分支：git merge <name>

删除分支：git branch -d <name>
--------------------------12 解决冲突---------------------
准备新的feature1分支，继续我们的新分支开发：

$ git checkout -b feature1
Switched to a new branch 'feature1'

修改readme.txt最后一行，改为：

Creating a new branch is quick AND simple.

在feature1分支上提交：

$ git add readme.txt 
$ git commit -m "AND simple"


切换到master分支：

$ git checkout master
Switched to branch 'master'
Your branch is ahead of 'origin/master' by 1 commit.

Git还会自动提示我们当前master分支比远程的master分支要超前1个提交。

在master分支上把readme.txt文件的最后一行改为：

Creating a new branch is quick & simple.

提交：

$ git add readme.txt 
$ git commit -m "& simple"

这种情况下，Git无法执行“快速合并”，只能试图把各自的修改合并起来，但这种合并就可能会有冲突，我们试试看：
$ git merge feature1

果然冲突了！Git告诉我们，readme.txt文件存在冲突，必须手动解决冲突后再提交。git status也可以告诉我们冲突的文件：
$ git status

我们可以直接查看readme.txt的内容：

Git is a distributed version control system.
Git is free software distributed under the GPL.
Git has a mutable index called stage.
Git tracks changes of files.
<<<<<<< HEAD
Creating a new branch is quick & simple.
=======
Creating a new branch is quick AND simple.
>>>>>>> feature1

Git用<<<<<<<，=======，>>>>>>>标记出不同分支的内容，我们修改如下后保存：

Creating a new branch is quick and simple.

再提交：

$ git add readme.txt 
$ git commit -m "conflict fixed"

用带参数的git log也可以看到分支的合并情况：

$ git log --graph --pretty=oneline --abbrev-commit

最后，删除feature1分支：

$ git branch -d feature1
Deleted branch feature1 (was 75a857c).

工作完成。

小结

当Git无法自动合并分支时，就必须首先解决冲突。解决冲突后，再提交，合并完成。

用git log --graph命令可以看到分支合并图。
------------------------13 分支管理策略---------------
通常，合并分支时，如果可能，Git会用Fast forward模式，但这种模式下，删除分支后，会丢掉分支信息。

如果要强制禁用Fast forward模式，Git就会在merge时生成一个新的commit，这样，从分支历史上就可以看出分支信息。

下面我们实战一下--no-ff方式的git merge：

首先，仍然创建并切换dev分支：
$ git checkout -b dev

修改readme.txt文件，并提交一个新的commit：

$ git add readme.txt 
$ git commit -m "add merge"

现在，我们切换回master：

$ git checkout master

准备合并dev分支，请注意--no-ff参数，表示禁用Fast forward：

$ git merge --no-ff -m "merge with no-ff" dev

因为本次合并要创建一个新的commit，所以加上-m参数，把commit描述写进去。

合并后，我们用git log看看分支历史：
$ git log --graph --pretty=oneline --abbrev-commit

分支策略

在实际开发中，我们应该按照几个基本原则进行分支管理：

首先，master分支应该是非常稳定的，也就是仅用来发布新版本，平时不能在上面干活；

那在哪干活呢？干活都在dev分支上，也就是说，dev分支是不稳定的，到某个时候，比如1.0版本发布时，再把dev分支合并到master上，在master分支发布1.0版本；

你和你的小伙伴们每个人都在dev分支上干活，每个人都有自己的分支，时不时地往dev分支上合并就可以了。

Git分支十分强大，在团队开发中应该充分应用。

合并分支时，加上--no-ff参数就可以用普通模式合并，合并后的历史有分支，能看出来曾经做过合并，而fast forward合并就看不出来曾经做过合并。
-------------------14 Bug分支-------------
软件开发中，bug就像家常便饭一样。有了bug就需要修复，在Git中，由于分支是如此的强大，所以，每个bug都可以通过一个新的临时分支来修复，修复后，合并分支，然后将临时分支删除。

当你接到一个修复一个代号101的bug的任务时，很自然地，你想创建一个分支issue-101来修复它，但是，等等，当前正在dev上进行的工作还没有提交：

$ git status

并不是你不想提交，而是工作只进行到一半，还没法提交，预计完成还需1天时间。但是，必须在两个小时内修复该bug，怎么办？

幸好，Git还提供了一个stash功能，可以把当前工作现场“储藏”起来，等以后恢复现场后继续工作：

$ git stash

现在，用git status查看工作区，就是干净的（除非有没有被Git管理的文件），因此可以放心地创建分支来修复bug。

首先确定要在哪个分支上修复bug，假定需要在master分支上修复，就从master创建临时分支：

$ git checkout master
Switched to branch 'master'
Your branch is ahead of 'origin/master' by 6 commits.
$ git checkout -b issue-101
Switched to a new branch 'issue-101'

现在修复bug，需要把“Git is free software ...”改为“Git is a free software ...”，然后提交：

$ git add readme.txt 
$ git commit -m "fix bug 101"

修复完成后，切换到master分支，并完成合并，最后删除issue-101分支：

$ git checkout master

$ git merge --no-ff -m "merged bug fix 101" issue-101

$ git branch -d issue-101


太棒了，原计划两个小时的bug修复只花了5分钟！现在，是时候接着回到dev分支干活了！

$ git checkout dev
Switched to branch 'dev'
$ git status

工作区是干净的，刚才的工作现场存到哪去了？用git stash list命令看看：

$ git stash list
stash@{0}: WIP on dev: 6224937 add merge

工作现场还在，Git把stash内容存在某个地方了，但是需要恢复一下，有两个办法：

一是用git stash apply恢复，但是恢复后，stash内容并不删除，你需要用git stash drop来删除；

另一种方式是用git stash pop，恢复的同时把stash内容也删了：

$ git stash pop


再用git stash list查看，就看不到任何stash内容了：

$ git stash list

你可以多次stash，恢复的时候，先用git stash list查看，然后恢复指定的stash，用命令：

$ git stash apply stash@{0}

小结

修复bug时，我们会通过创建新的bug分支进行修复，然后合并，最后删除；

当手头工作没有完成时，先把工作现场git stash一下，然后去修复bug，修复后，再git stash pop，回到工作现场。
-----------------------------15 Feature分支-----------------
软件开发中，总有无穷无尽的新的功能要不断添加进来。

添加一个新功能时，你肯定不希望因为一些实验性质的代码，把主分支搞乱了，所以，每添加一个新功能，最好新建一个feature分支，在上面开发，完成后，合并，最后，删除该feature分支。

现在，你终于接到了一个新任务：开发代号为Vulcan的新功能，该功能计划用于下一代星际飞船。

于是准备开发：

$ git checkout -b feature-vulcan

5分钟后，开发完毕：

$ git add vulcan.py
$ git status

切回dev，准备合并：

$ git checkout dev

一切顺利的话，feature分支和bug分支是类似的，合并，然后删除。

但是，就在此时，接到上级命令，因经费不足，新功能必须取消！

虽然白干了，但是这个分支还是必须就地销毁：

$ git branch -d feature-vulcan

销毁失败。Git友情提醒，feature-vulcan分支还没有被合并，如果删除，将丢失掉修改，如果要强行删除，需要使用命令git branch -D feature-vulcan。

现在我们强行删除：

$ git branch -D feature-vulcan

终于删除成功！

小结

开发一个新feature，最好新建一个分支；

如果要丢弃一个没有被合并过的分支，可以通过git branch -D <name>强行删除。
---------------------------------16 多人协作----------------
当你从远程仓库克隆时，实际上Git自动把本地的master分支和远程的master分支对应起来了，并且，远程仓库的默认名称是origin。

要查看远程库的信息，用git remote：

$ git remote
origin

或者，用git remote -v显示更详细的信息：

$ git remote -v

上面显示了可以抓取和推送的origin的地址。如果没有推送权限，就看不到push的地址。

推送分支

推送分支，就是把该分支上的所有本地提交推送到远程库。推送时，要指定本地分支，这样，Git就会把该分支推送到远程库对应的远程分支上：

$ git push origin master

如果要推送其他分支，比如dev，就改成：

$ git push origin dev

但是，并不是一定要把本地分支往远程推送，那么，哪些分支需要推送，哪些不需要呢？

    master分支是主分支，因此要时刻与远程同步；

    dev分支是开发分支，团队所有成员都需要在上面工作，所以也需要与远程同步；

    bug分支只用于在本地修复bug，就没必要推到远程了，除非老板要看看你每周到底修复了几个bug；

    feature分支是否推到远程，取决于你是否和你的小伙伴合作在上面开发。

总之，就是在Git中，分支完全可以在本地自己藏着玩，是否推送，视你的心情而定！

抓取分支

多人协作时，大家都会往master和dev分支上推送各自的修改。

现在，模拟一个你的小伙伴，可以在另一台电脑（注意要把SSH Key添加到GitHub）或者同一台电脑的另一个目录下克隆：

$ git clone git@github.com:michaelliao/learngit.git

当你的小伙伴从远程库clone时，默认情况下，你的小伙伴只能看到本地的master分支。不信可以用git branch命令看看：

$ git branch

现在，你的小伙伴要在dev分支上开发，就必须创建远程origin的dev分支到本地，于是他用这个命令创建本地dev分支：

$ git checkout -b dev origin/dev

现在，他就可以在dev上继续修改，然后，时不时地把dev分支push到远程：

$ git commit -m "add /usr/bin/env"

$ git push origin dev

你的小伙伴已经向origin/dev分支推送了他的提交，而碰巧你也对同样的文件作了修改，并试图推送：

$ git add hello.py 
$ git commit -m "add coding: utf-8"

$ git push origin dev

推送失败，因为你的小伙伴的最新提交和你试图推送的提交有冲突，解决办法也很简单，Git已经提示我们，先用git pull把最新的提交从origin/dev抓下来，然后，在本地合并，解决冲突，再推送：

$ git pull

git pull也失败了，原因是没有指定本地dev分支与远程origin/dev分支的链接，根据提示，设置dev和origin/dev的链接：

$ git branch --set-upstream dev origin/dev

再pull：

$ git pull

这回git pull成功，但是合并有冲突，需要手动解决，解决的方法和分支管理中的解决冲突完全一样。解决后，提交，再push：

$ git commit -m "merge & fix hello.py"
$ git push origin dev

因此，多人协作的工作模式通常是这样：

    首先，可以试图用git push origin branch-name推送自己的修改；

    如果推送失败，则因为远程分支比你的本地更新，需要先用git pull试图合并；

    如果合并有冲突，则解决冲突，并在本地提交；

    没有冲突或者解决掉冲突后，再用git push origin branch-name推送就能成功！

如果git pull提示“no tracking information”，则说明本地分支和远程分支的链接关系没有创建，用命令git branch --set-upstream branch-name origin/branch-name。

这就是多人协作的工作模式，一旦熟悉了，就非常简单。
小结

    查看远程库信息，使用git remote -v；

    本地新建的分支如果不推送到远程，对其他人就是不可见的；

    从本地推送分支，使用git push origin branch-name，如果推送失败，先用git pull抓取远程的新提交；

    在本地创建和远程分支对应的分支，使用git checkout -b branch-name origin/branch-name，本地和远程分支的名称最好一致；

    建立本地分支和远程分支的关联，使用git branch --set-upstream branch-name origin/branch-name；

    从远程抓取分支，使用git pull，如果有冲突，要先处理冲突。
---------------------------17 标签管理 ------------------------
发布一个版本时，我们通常先在版本库中打一个标签，这样，就唯一确定了打标签时刻的版本。将来无论什么时候，取某个标签的版本，就是把那个打标签的时刻的历史版本取出来。所以，标签也是版本库的一个快照。

Git的标签虽然是版本库的快照，但其实它就是指向某个commit的指针（跟分支很像对不对？但是分支可以移动，标签不能移动），所以，创建和删除标签都是瞬间完成的。
创建标签

在Git中打标签非常简单，首先，切换到需要打标签的分支上：

$ git branch
$ git checkout master
然后，敲命令git tag <name>就可以打一个新标签：

$ git tag v1.0

可以用命令git tag查看所有标签：

$ git tag

默认标签是打在最新提交的commit上的。有时候，如果忘了打标签，比如，现在已经是周五了，但应该在周一打的标签没有打，怎么办？

方法是找到历史提交的commit id，然后打上就可以了：

$ git log --pretty=oneline --abbrev-commit

比方说要对add merge这次提交打标签，它对应的commit id是6224937，敲入命令：

$ git tag v0.9 6224937

再用命令git tag查看标签：

$ git tag

注意，标签不是按时间顺序列出，而是按字母排序的。可以用git show <tagname>查看标签信息：

$ git show v0.9

可以看到，v0.9确实打在add merge这次提交上。

还可以创建带有说明的标签，用-a指定标签名，-m指定说明文字：

$ git tag -a v0.1 -m "version 0.1 released" 3628164

用命令git show <tagname>可以看到说明文字：

$ git show v0.1

还可以通过-s用私钥签名一个标签：

$ git tag -s v0.2 -m "signed version 0.2 released" fec145a

签名采用PGP签名，因此，必须首先安装gpg（GnuPG），如果没有找到gpg，或者没有gpg密钥对，就会报错：

如果报错，请参考GnuPG帮助文档配置Key。

用命令git show <tagname>可以看到PGP签名信息：

$ git show v0.2

用PGP签名的标签是不可伪造的，因为可以验证PGP签名。验证签名的方法比较复杂，这里就不介绍了。

小结

    命令git tag <name>用于新建一个标签，默认为HEAD，也可以指定一个commit id；

    git tag -a <tagname> -m "blablabla..."可以指定标签信息；

    git tag -s <tagname> -m "blablabla..."可以用PGP签名标签；

    命令git tag可以查看所有标签。
-----------------------18 操作标签------------------
如果标签打错了，也可以删除：

$ git tag -d v0.1

因为创建的标签都只存储在本地，不会自动推送到远程。所以，打错的标签可以在本地安全删除。

如果要推送某个标签到远程，使用命令git push origin <tagname>：

$ git push origin v1.0

或者，一次性推送全部尚未推送到远程的本地标签：

$ git push origin --tags

如果标签已经推送到远程，要删除远程标签就麻烦一点，先从本地删除：

$ git tag -d v0.9

然后，从远程删除。删除命令也是push，但是格式如下：

$ git push origin :refs/tags/v0.9

要看看是否真的从远程库删除了标签，可以登陆GitHub查看。

小结

    命令git push origin <tagname>可以推送一个本地标签；

    命令git push origin --tags可以推送全部未推送过的本地标签；

    命令git tag -d <tagname>可以删除一个本地标签；

    命令git push origin :refs/tags/<tagname>可以删除一个远程标签。
------------------------19 使用GitHub---------------

如何参与一个开源项目呢？比如人气极高的bootstrap项目，这是一个非常强大的CSS框架，你可以访问它的项目主页https://github.com/twbs/bootstrap，点“Fork”就在自己的账号下克隆了一个bootstrap仓库，然后，从自己的账号下clone：

git clone git@github.com:michaelliao/bootstrap.git

一定要从自己的账号下clone仓库，这样你才能推送修改。如果从bootstrap的作者的仓库地址git@github.com:twbs/bootstrap.git克隆，因为没有权限，你将不能推送修改。

Bootstrap的官方仓库twbs/bootstrap、你在GitHub上克隆的仓库my/bootstrap，以及你自己克隆到本地电脑的仓库，他们的关系就像下图显示的那样：

如果你想修复bootstrap的一个bug，或者新增一个功能，立刻就可以开始干活，干完后，往自己的仓库推送。

如果你希望bootstrap的官方库能接受你的修改，你就可以在GitHub上发起一个pull request。当然，对方是否接受你的pull request就不一定了。

小结

    在GitHub上，可以任意Fork开源仓库；

    自己拥有Fork后的仓库的读写权限；

    可以推送pull request给官方仓库来贡献代码。
-----------------------------20 自定义Git--------------------
在安装Git一节中，我们已经配置了user.name和user.email，实际上，Git还有很多可配置项。

比如，让Git显示颜色，会让命令输出看起来更醒目：

$ git config --global color.ui true

这样，Git会适当地显示不同的颜色，比如git status命令：

忽略特殊文件

有些时候，你必须把某些文件放到Git工作目录中，但又不能提交它们，比如保存了数据库密码的配置文件啦，等等，每次git status都会显示Untracked files ...，有强迫症的童鞋心里肯定不爽。

好在Git考虑到了大家的感受，这个问题解决起来也很简单，在Git工作区的根目录下创建一个特殊的.gitignore文件，然后把要忽略的文件名填进去，Git就会自动忽略这些文件。

不需要从头写.gitignore文件，GitHub已经为我们准备了各种配置文件，只需要组合一下就可以使用了。所有配置文件可以直接在线浏览：https://github.com/github/gitignore

忽略文件的原则是：

    忽略操作系统自动生成的文件，比如缩略图等；
    忽略编译生成的中间文件、可执行文件等，也就是如果一个文件是通过另一个文件自动生成的，那自动生成的文件就没必要放进版本库，比如Java编译产生的.class文件；
    忽略你自己的带有敏感信息的配置文件，比如存放口令的配置文件。

举个例子：

假设你在Windows下进行Python开发，Windows会自动在有图片的目录下生成隐藏的缩略图文件，如果有自定义目录，目录下就会有Desktop.ini文件，因此你需要忽略Windows自动生成的垃圾文件：

# Windows:
Thumbs.db
ehthumbs.db
Desktop.ini

然后，继续忽略Python编译产生的.pyc、.pyo、dist等文件或目录：

# Python:
*.py[cod]
*.so
*.egg
*.egg-info
dist
build

加上你自己定义的文件，最终得到一个完整的.gitignore文件，内容如下：

# Windows:
Thumbs.db
ehthumbs.db
Desktop.ini

# Python:
*.py[cod]
*.so
*.egg
*.egg-info
dist
build

# My configurations:
db.ini
deploy_key_rsa

最后一步就是把.gitignore也提交到Git，就完成了！当然检验.gitignore的标准是git status命令是不是说working directory clean。

使用Windows的童鞋注意了，如果你在资源管理器里新建一个.gitignore文件，它会非常弱智地提示你必须输入文件名，但是在文本编辑器里“保存”或者“另存为”就可以把文件保存为.gitignore了。
小结

    忽略某些文件时，需要编写.gitignore；

    .gitignore文件本身要放到版本库里，并且可以对.gitignore做版本管理！
----------------------------------21 配置别名-----------------
有没有经常敲错命令？比如git status？status这个单词真心不好记。

如果敲git st就表示git status那就简单多了，当然这种偷懒的办法我们是极力赞成的。

我们只需要敲一行命令，告诉Git，以后st就表示status：

$ git config --global alias.st status

好了，现在敲git st看看效果。

当然还有别的命令可以简写，很多人都用co表示checkout，ci表示commit，br表示branch：

$ git config --global alias.co checkout
$ git config --global alias.ci commit
$ git config --global alias.br branch

以后提交就可以简写成：

$ git ci -m "bala bala bala..."

--global参数是全局参数，也就是这些命令在这台电脑的所有Git仓库下都有用。

在撤销修改一节中，我们知道，命令git reset HEAD file可以把暂存区的修改撤销掉（unstage），重新放回工作区。既然是一个unstage操作，就可以配置一个unstage别名：

$ git config --global alias.unstage 'reset HEAD'

当你敲入命令：

$ git unstage test.py

实际上Git执行的是：

$ git reset HEAD test.py

配置一个git last，让其显示最后一次提交信息：

$ git config --global alias.last 'log -1'

这样，用git last就能显示最近一次的提交：

$ git last
commit adca45d317e6d8a4b23f9811c3d7b7f0f180bfe2
Merge: bd6ae48 291bea8
Author: Michael Liao <askxuefeng@gmail.com>
Date:   Thu Aug 22 22:49:22 2013 +0800

    merge & fix hello.py

甚至还有人丧心病狂地把lg配置成了：

git config --global alias.lg "log --color --graph --pretty=format:'%Cred%h%Creset -%C(yellow)%d%Creset %s %Cgreen(%cr) %C(bold blue)<%an>%Creset' --abbrev-commit"

来看看git lg的效果：

为什么不早点告诉我？别激动，咱不是为了多记几个英文单词嘛！
配置文件

配置Git的时候，加上--global是针对当前用户起作用的，如果不加，那只针对当前的仓库起作用。

配置文件放哪了？每个仓库的Git配置文件都放在.git/config文件中：

$ cat .git/config 
[core]
    repositoryformatversion = 0
    filemode = true
    bare = false
    logallrefupdates = true
    ignorecase = true
    precomposeunicode = true
[remote "origin"]
    url = git@github.com:michaelliao/learngit.git
    fetch = +refs/heads/*:refs/remotes/origin/*
[branch "master"]
    remote = origin
    merge = refs/heads/master
[alias]
    last = log -1

别名就在[alias]后面，要删除别名，直接把对应的行删掉即可。

而当前用户的Git配置文件放在用户主目录下的一个隐藏文件.gitconfig中：

$ cat .gitconfig
[alias]
    co = checkout
    ci = commit
    br = branch
    st = status
[user]
    name = Your Name
    email = your@email.com

配置别名也可以直接修改这个文件，如果改错了，可以删掉文件重新通过命令配置。
小结

给Git配置好别名，就可以输入命令时偷个懒。我们鼓励偷懒。
----------------------22 搭建Git服务器----------------
搭建Git服务器需要准备一台运行Linux的机器，强烈推荐用Ubuntu或Debian，这样，通过几条简单的apt命令就可以完成安装。

假设你已经有sudo权限的用户账号，下面，正式开始安装。

第一步，安装git：

$ sudo apt-get install git

第二步，创建一个git用户，用来运行git服务：

$ sudo adduser git

第三步，创建证书登录：

收集所有需要登录的用户的公钥，就是他们自己的id_rsa.pub文件，把所有公钥导入到/home/git/.ssh/authorized_keys文件里，一行一个。

第四步，初始化Git仓库：

先选定一个目录作为Git仓库，假定是/srv/sample.git，在/srv目录下输入命令：

$ sudo git init --bare sample.git

Git就会创建一个裸仓库，裸仓库没有工作区，因为服务器上的Git仓库纯粹是为了共享，所以不让用户直接登录到服务器上去改工作区，并且服务器上的Git仓库通常都以.git结尾。然后，把owner改为git：

$ sudo chown -R git:git sample.git

第五步，禁用shell登录：

出于安全考虑，第二步创建的git用户不允许登录shell，这可以通过编辑/etc/passwd文件完成。找到类似下面的一行：

git:x:1001:1001:,,,:/home/git:/bin/bash

改为：

git:x:1001:1001:,,,:/home/git:/usr/bin/git-shell

这样，git用户可以正常通过ssh使用git，但无法登录shell，因为我们为git用户指定的git-shell每次一登录就自动退出。

第六步，克隆远程仓库：

现在，可以通过git clone命令克隆远程仓库了，在各自的电脑上运行：

$ git clone git@server:/srv/sample.git
Cloning into 'sample'...
warning: You appear to have cloned an empty repository.

剩下的推送就简单了。
管理公钥

如果团队很小，把每个人的公钥收集起来放到服务器的/home/git/.ssh/authorized_keys文件里就是可行的。如果团队有几百号人，就没法这么玩了，这时，可以用Gitosis来管理公钥。

这里我们不介绍怎么玩Gitosis了，几百号人的团队基本都在500强了，相信找个高水平的Linux管理员问题不大。
管理权限

有很多不但视源代码如生命，而且视员工为窃贼的公司，会在版本控制系统里设置一套完善的权限控制，每个人是否有读写权限会精确到每个分支甚至每个目录下。因为Git是为Linux源代码托管而开发的，所以Git也继承了开源社区的精神，不支持权限控制。不过，因为Git支持钩子（hook），所以，可以在服务器端编写一系列脚本来控制提交等操作，达到权限控制的目的。Gitolite就是这个工具。

这里我们也不介绍Gitolite了，不要把有限的生命浪费到权限斗争中。
小结

    搭建Git服务器非常简单，通常10分钟即可完成；

    要方便管理公钥，用Gitosis；

    要像SVN那样变态地控制权限，用Gitolite。
